
> tropicalia-home@0.1.0 build
> next build

Γû▓ Next.js 16.1.6 (Turbopack)

  Creating an optimized production build ...
Γ£ô Compiled successfully in 56s
  Running TypeScript ...
node.exe : Failed to 
compile.
At line:1 char:1
+ & "C:\Program Files
\nodejs/node.exe" 
"C:\Program 
Files\nodejs/node_mo 
...
+ ~~~~~~~~~~~~~~~~~~~
~~~~~~~~~~~~~~~~~~~~~
~~~~~~~~~~~~~~~~~~~~~
~~~~~~~~
    + CategoryInfo   
           : NotSpe  
  cified: (Failed    
 to compile.:Stri    
ng) [], RemoteEx    
ception
    + FullyQualified 
   ErrorId : Native  
  CommandError
 

./src/app/api/admin/k
pis/route.ts:53:29
Type error: This 
comparison appears 
to be unintentional 
because the types 
'2' and '0' have no 
overlap.

[0m [90m 51 |[39m 
    [90m// For MVP, 
let's hardcode a 
previous recurring 
count to show 
change.[39m
 [90m 52 |[39m     
[36mconst[39m 
prevRecurringCount 
[33m=[39m [35m2[3
9m[33m;[39m
[31m[1m>[22m[39m
[90m 53 |[39m     
[36mconst[39m 
recurringChange 
[33m=[39m 
prevRecurringCount 
[33m===[39m 
[35m0[39m 
[33m?[39m 
[35m0[39m 
[33m:[39m 
((recurringCount 
[33m-[39m 
prevRecurringCount) 
[33m/[39m 
prevRecurringCount) 
[33m*[39m [35m100
[39m[33m;[39m
 [90m    |[39m     
                     
   
[31m[1m^[22m[39m
 [90m 54 |[39m
 [90m 55 |[39m     
[36mreturn[39m [33
mNextResponse[39m[3
3m.[39mjson({
 [90m 56 |[39m     
    ordersConfirmed[
33m:[39m { 
value[33m:[39m conf
irmedCurrent[33m,[3
9m change[33m:[39m 
confirmedChange 
}[33m,[39m[0m
Next.js build worker 
exited with code: 1 
and signal: null
